[2025-12-31T22:54:23.730] Qt message handler installed.
[2025-12-31T22:54:23.732] Terminate handler installed.
[2025-12-31T22:54:23.732] optimsolution GUI (v25) starting.
[2025-12-31T22:54:23.734] MainWindow: ctor begin.
[2025-12-31T22:54:23.735] MainWindow: root=C:/Users/admin/Desktop/optimsolution
[2025-12-31T22:54:23.735] MainWindow: factory=C:/Users/admin/Desktop/optimsolution/src/factory.cpp
[2025-12-31T22:54:23.736] MainWindow: fixed_dims=
[2025-12-31T22:54:23.736] MainWindow: settings=C:/Users/admin/Desktop/optimsolution/optimsolution.cfg
[2025-12-31T22:54:23.787] MainWindow: UI built.
[2025-12-31T22:54:23.808] MainWindow: factory lists loaded.
[2025-12-31T22:54:23.826] populateSettingsTables: setTablesEditable...
[2025-12-31T22:54:23.826] populateSettingsTables: end (success).
[2025-12-31T22:54:23.827] MainWindow: settings loaded.
[2025-12-31T22:54:23.827] populateSettingsTables: begin.
[2025-12-31T22:54:23.828] populateSettingsTables: cfg_loaded=true
[2025-12-31T22:54:23.829] populateSettingsTables: methodText=aarq
[2025-12-31T22:54:23.829] populateSettingsTables: computing effectiveRunMap...
[2025-12-31T22:54:23.830] populateSettingsTables: effectiveRunMap keys=15
[2025-12-31T22:54:23.830] populateSettingsTables: fill Run table...
[2025-12-31T22:54:23.837] populateSettingsTables: Run table filled.
[2025-12-31T22:54:23.838] populateSettingsTables: reading [stop]...
[2025-12-31T22:54:23.838] populateSettingsTables: stop keys=4
[2025-12-31T22:54:23.839] populateSettingsTables: fill Stop table...
[2025-12-31T22:54:23.841] populateSettingsTables: Stop table filled.
[2025-12-31T22:54:23.842] populateSettingsTables: reading [init]...
[2025-12-31T22:54:23.842] populateSettingsTables: init keys=9
[2025-12-31T22:54:23.843] populateSettingsTables: fill Init table...
[2025-12-31T22:54:23.847] populateSettingsTables: Init table filled.
[2025-12-31T22:54:23.848] populateSettingsTables: reading method section [aarq]...
[2025-12-31T22:54:23.848] populateSettingsTables: method keys=15
[2025-12-31T22:54:23.848] populateSettingsTables: fill Method table...
[2025-12-31T22:54:23.853] populateSettingsTables: Method table filled.
[2025-12-31T22:54:23.853] populateSettingsTables: setTablesEditable...
[2025-12-31T22:54:23.854] populateSettingsTables: end (success).
[2025-12-31T22:54:23.855] MainWindow: settings tables populated.
[2025-12-31T23:18:28.119] Qt message handler installed.
[2025-12-31T23:18:28.121] Terminate handler installed.
[2025-12-31T23:18:28.121] optimsolution GUI (v25) starting.
[2025-12-31T23:18:28.123] MainWindow: ctor begin.
[2025-12-31T23:18:28.124] MainWindow: root=C:/Users/admin/Desktop/optimsolution
[2025-12-31T23:18:28.124] MainWindow: factory=C:/Users/admin/Desktop/optimsolution/src/factory.cpp
[2025-12-31T23:18:28.125] MainWindow: fixed_dims=
[2025-12-31T23:18:28.125] MainWindow: settings=C:/Users/admin/Desktop/optimsolution/optimsolution.cfg
[2025-12-31T23:18:28.169] MainWindow: UI built.
[2025-12-31T23:18:28.189] MainWindow: factory lists loaded.
[2025-12-31T23:18:28.207] populateSettingsTables: setTablesEditable...
[2025-12-31T23:18:28.208] populateSettingsTables: end (success).
[2025-12-31T23:18:28.209] MainWindow: settings loaded.
[2025-12-31T23:18:28.209] populateSettingsTables: begin.
[2025-12-31T23:18:28.210] populateSettingsTables: cfg_loaded=true
[2025-12-31T23:18:28.210] populateSettingsTables: methodText=aarq
[2025-12-31T23:18:28.211] populateSettingsTables: computing effectiveRunMap...
[2025-12-31T23:18:28.211] populateSettingsTables: effectiveRunMap keys=15
[2025-12-31T23:18:28.212] populateSettingsTables: fill Run table...
[2025-12-31T23:18:28.218] populateSettingsTables: Run table filled.
[2025-12-31T23:18:28.219] populateSettingsTables: reading [stop]...
[2025-12-31T23:18:28.220] populateSettingsTables: stop keys=4
[2025-12-31T23:18:28.220] populateSettingsTables: fill Stop table...
[2025-12-31T23:18:28.223] populateSettingsTables: Stop table filled.
[2025-12-31T23:18:28.224] populateSettingsTables: reading [init]...
[2025-12-31T23:18:28.224] populateSettingsTables: init keys=9
[2025-12-31T23:18:28.225] populateSettingsTables: fill Init table...
[2025-12-31T23:18:28.229] populateSettingsTables: Init table filled.
[2025-12-31T23:18:28.229] populateSettingsTables: reading method section [aarq]...
[2025-12-31T23:18:28.230] populateSettingsTables: method keys=15
[2025-12-31T23:18:28.231] populateSettingsTables: fill Method table...
[2025-12-31T23:18:28.235] populateSettingsTables: Method table filled.
[2025-12-31T23:18:28.236] populateSettingsTables: setTablesEditable...
[2025-12-31T23:18:28.237] populateSettingsTables: end (success).
[2025-12-31T23:18:28.237] MainWindow: settings tables populated.
[2025-12-31T23:19:20.905] populateSettingsTables: begin.
[2025-12-31T23:19:20.906] populateSettingsTables: cfg_loaded=true
[2025-12-31T23:19:20.907] populateSettingsTables: methodText=pso
[2025-12-31T23:19:20.907] populateSettingsTables: computing effectiveRunMap...
[2025-12-31T23:19:20.908] populateSettingsTables: effectiveRunMap keys=10
[2025-12-31T23:19:20.908] populateSettingsTables: fill Run table...
[2025-12-31T23:19:20.913] populateSettingsTables: Run table filled.
[2025-12-31T23:19:20.914] populateSettingsTables: reading [stop]...
[2025-12-31T23:19:20.915] populateSettingsTables: stop keys=4
[2025-12-31T23:19:20.915] populateSettingsTables: fill Stop table...
[2025-12-31T23:19:20.917] populateSettingsTables: Stop table filled.
[2025-12-31T23:19:20.918] populateSettingsTables: reading [init]...
[2025-12-31T23:19:20.919] populateSettingsTables: init keys=9
[2025-12-31T23:19:20.919] populateSettingsTables: fill Init table...
[2025-12-31T23:19:20.923] populateSettingsTables: Init table filled.
[2025-12-31T23:19:20.924] populateSettingsTables: reading method section [pso]...
[2025-12-31T23:19:20.924] populateSettingsTables: method keys=10
[2025-12-31T23:19:20.925] populateSettingsTables: fill Method table...
[2025-12-31T23:19:20.928] populateSettingsTables: Method table filled.
[2025-12-31T23:19:20.929] populateSettingsTables: setTablesEditable...
[2025-12-31T23:19:20.929] populateSettingsTables: end (success).
[2025-12-31T23:20:03.501] Qt message handler installed.
[2025-12-31T23:20:03.502] Terminate handler installed.
[2025-12-31T23:20:03.503] optimsolution GUI (v25) starting.
[2025-12-31T23:20:03.504] MainWindow: ctor begin.
[2025-12-31T23:20:03.505] MainWindow: root=C:/Users/admin/Desktop/optimsolution
[2025-12-31T23:20:03.506] MainWindow: factory=C:/Users/admin/Desktop/optimsolution/src/factory.cpp
[2025-12-31T23:20:03.506] MainWindow: fixed_dims=
[2025-12-31T23:20:03.507] MainWindow: settings=C:/Users/admin/Desktop/optimsolution/optimsolution.cfg
[2025-12-31T23:20:03.550] MainWindow: UI built.
[2025-12-31T23:20:03.569] MainWindow: factory lists loaded.
[2025-12-31T23:20:03.587] populateSettingsTables: setTablesEditable...
[2025-12-31T23:20:03.588] populateSettingsTables: end (success).
[2025-12-31T23:20:03.589] MainWindow: settings loaded.
[2025-12-31T23:20:03.589] populateSettingsTables: begin.
[2025-12-31T23:20:03.590] populateSettingsTables: cfg_loaded=true
[2025-12-31T23:20:03.590] populateSettingsTables: methodText=aarq
[2025-12-31T23:20:03.591] populateSettingsTables: computing effectiveRunMap...
[2025-12-31T23:20:03.591] populateSettingsTables: effectiveRunMap keys=15
[2025-12-31T23:20:03.592] populateSettingsTables: fill Run table...
[2025-12-31T23:20:03.599] populateSettingsTables: Run table filled.
[2025-12-31T23:20:03.599] populateSettingsTables: reading [stop]...
[2025-12-31T23:20:03.600] populateSettingsTables: stop keys=4
[2025-12-31T23:20:03.601] populateSettingsTables: fill Stop table...
[2025-12-31T23:20:03.603] populateSettingsTables: Stop table filled.
[2025-12-31T23:20:03.604] populateSettingsTables: reading [init]...
[2025-12-31T23:20:03.604] populateSettingsTables: init keys=9
[2025-12-31T23:20:03.605] populateSettingsTables: fill Init table...
[2025-12-31T23:20:03.609] populateSettingsTables: Init table filled.
[2025-12-31T23:20:03.610] populateSettingsTables: reading method section [aarq]...
[2025-12-31T23:20:03.610] populateSettingsTables: method keys=15
[2025-12-31T23:20:03.611] populateSettingsTables: fill Method table...
[2025-12-31T23:20:03.616] populateSettingsTables: Method table filled.
[2025-12-31T23:20:03.616] populateSettingsTables: setTablesEditable...
[2025-12-31T23:20:03.617] populateSettingsTables: end (success).
[2025-12-31T23:20:03.618] MainWindow: settings tables populated.
[2025-12-31T23:20:25.923] Process: start program=C:/Users/admin/Desktop/optimsolution/build/Debug/optimsolution.exe args=aarq bohachevsky1 30
[2025-12-31T23:20:25.947] Process: start program=C:/Users/admin/Desktop/optimsolution/build/Debug/optimsolution.exe args=aarq bohachevsky1
[2025-12-31T23:27:54.488] Qt message handler installed.
[2025-12-31T23:27:54.490] Terminate handler installed.
[2025-12-31T23:27:54.490] optimsolution GUI (v25) starting.
[2025-12-31T23:27:54.492] MainWindow: ctor begin.
[2025-12-31T23:27:54.493] MainWindow: root=C:/Users/admin/Desktop/optimsolution
[2025-12-31T23:27:54.493] MainWindow: factory=C:/Users/admin/Desktop/optimsolution/src/factory.cpp
[2025-12-31T23:27:54.494] MainWindow: fixed_dims=
[2025-12-31T23:27:54.495] MainWindow: settings=C:/Users/admin/Desktop/optimsolution/optimsolution.cfg
[2025-12-31T23:27:54.544] MainWindow: UI built.
[2025-12-31T23:27:54.564] MainWindow: factory lists loaded.
[2025-12-31T23:27:54.582] populateSettingsTables: setTablesEditable...
[2025-12-31T23:27:54.583] populateSettingsTables: end (success).
[2025-12-31T23:27:54.583] MainWindow: settings loaded.
[2025-12-31T23:27:54.584] populateSettingsTables: begin.
[2025-12-31T23:27:54.584] populateSettingsTables: cfg_loaded=true
[2025-12-31T23:27:54.585] populateSettingsTables: methodText=aarq
[2025-12-31T23:27:54.585] populateSettingsTables: computing effectiveGlobalMap...
[2025-12-31T23:27:54.586] populateSettingsTables: effectiveRunMap keys=36
[2025-12-31T23:27:54.586] populateSettingsTables: fill Global table...
[2025-12-31T23:27:54.602] populateSettingsTables: Global table filled.
[2025-12-31T23:27:54.603] populateSettingsTables: reading [stop]...
[2025-12-31T23:27:54.603] populateSettingsTables: stop keys=4
[2025-12-31T23:27:54.604] populateSettingsTables: fill Stop table...
[2025-12-31T23:27:54.606] populateSettingsTables: Stop table filled.
[2025-12-31T23:27:54.607] populateSettingsTables: reading [init]...
[2025-12-31T23:27:54.607] populateSettingsTables: init keys=9
[2025-12-31T23:27:54.608] populateSettingsTables: fill Init table...
[2025-12-31T23:27:54.612] populateSettingsTables: Init table filled.
[2025-12-31T23:27:54.613] populateSettingsTables: reading method section [aarq]...
[2025-12-31T23:27:54.613] populateSettingsTables: method keys=15
[2025-12-31T23:27:54.614] populateSettingsTables: fill Method table...
[2025-12-31T23:27:54.618] populateSettingsTables: Method table filled.
[2025-12-31T23:27:54.619] populateSettingsTables: setTablesEditable...
[2025-12-31T23:27:54.620] populateSettingsTables: end (success).
[2025-12-31T23:27:54.621] MainWindow: settings tables populated.
[2025-12-31T23:28:50.401] populateSettingsTables: begin.
[2025-12-31T23:28:50.404] populateSettingsTables: cfg_loaded=true
[2025-12-31T23:28:50.407] populateSettingsTables: methodText=aarq
[2025-12-31T23:28:50.410] populateSettingsTables: computing effectiveGlobalMap...
[2025-12-31T23:28:50.413] populateSettingsTables: effectiveRunMap keys=36
[2025-12-31T23:28:50.416] populateSettingsTables: fill Global table...
[2025-12-31T23:28:50.457] populateSettingsTables: Global table filled.
[2025-12-31T23:28:50.459] populateSettingsTables: reading [stop]...
[2025-12-31T23:28:50.460] populateSettingsTables: stop keys=4
[2025-12-31T23:28:50.461] populateSettingsTables: fill Stop table...
[2025-12-31T23:28:50.464] populateSettingsTables: Stop table filled.
[2025-12-31T23:28:50.465] populateSettingsTables: reading [init]...
[2025-12-31T23:28:50.465] populateSettingsTables: init keys=9
[2025-12-31T23:28:50.466] populateSettingsTables: fill Init table...
[2025-12-31T23:28:50.470] populateSettingsTables: Init table filled.
[2025-12-31T23:28:50.470] populateSettingsTables: reading method section [aarq]...
[2025-12-31T23:28:50.471] populateSettingsTables: method keys=15
[2025-12-31T23:28:50.472] populateSettingsTables: fill Method table...
[2025-12-31T23:28:50.476] populateSettingsTables: Method table filled.
[2025-12-31T23:28:50.476] populateSettingsTables: setTablesEditable...
[2025-12-31T23:28:50.478] populateSettingsTables: end (success).
[2025-12-31T23:28:56.043] Process: start program=C:/Users/admin/Desktop/optimsolution/build/Debug/optimsolution.exe args=aarq ackley 30
[2025-12-31T23:37:14.326] Qt message handler installed.
[2025-12-31T23:37:14.328] Terminate handler installed.
[2025-12-31T23:37:14.328] optimsolution GUI (v25) starting.
[2025-12-31T23:37:14.330] MainWindow: ctor begin.
[2025-12-31T23:37:14.331] MainWindow: root=C:/Users/admin/Desktop/optimsolution
[2025-12-31T23:37:14.331] MainWindow: factory=C:/Users/admin/Desktop/optimsolution/src/factory.cpp
[2025-12-31T23:37:14.332] MainWindow: fixed_dims=
[2025-12-31T23:37:14.332] MainWindow: settings=C:/Users/admin/Desktop/optimsolution/optimsolution.cfg
[2025-12-31T23:37:14.382] MainWindow: UI built.
[2025-12-31T23:37:14.404] MainWindow: factory lists loaded.
[2025-12-31T23:37:14.421] populateSettingsTables: setTablesEditable...
[2025-12-31T23:37:14.422] populateSettingsTables: end (success).
[2025-12-31T23:37:14.422] MainWindow: settings loaded.
[2025-12-31T23:37:14.423] populateSettingsTables: begin.
[2025-12-31T23:37:14.423] populateSettingsTables: cfg_loaded=true
[2025-12-31T23:37:14.424] populateSettingsTables: methodText=aarq
[2025-12-31T23:37:14.425] populateSettingsTables: computing effectiveGlobalMap...
[2025-12-31T23:37:14.425] populateSettingsTables: effectiveRunMap keys=36
[2025-12-31T23:37:14.426] populateSettingsTables: fill Global table...
[2025-12-31T23:37:14.441] populateSettingsTables: Global table filled.
[2025-12-31T23:37:14.442] populateSettingsTables: reading [stop]...
[2025-12-31T23:37:14.442] populateSettingsTables: stop keys=4
[2025-12-31T23:37:14.443] populateSettingsTables: fill Stop table...
[2025-12-31T23:37:14.445] populateSettingsTables: Stop table filled.
[2025-12-31T23:37:14.446] populateSettingsTables: reading [init]...
[2025-12-31T23:37:14.447] populateSettingsTables: init keys=9
[2025-12-31T23:37:14.447] populateSettingsTables: fill Init table...
[2025-12-31T23:37:14.451] populateSettingsTables: Init table filled.
[2025-12-31T23:37:14.452] populateSettingsTables: reading method section [aarq]...
[2025-12-31T23:37:14.452] populateSettingsTables: method keys=15
[2025-12-31T23:37:14.453] populateSettingsTables: fill Method table...
[2025-12-31T23:37:14.457] populateSettingsTables: Method table filled.
[2025-12-31T23:37:14.458] populateSettingsTables: setTablesEditable...
[2025-12-31T23:37:14.459] populateSettingsTables: end (success).
[2025-12-31T23:37:14.460] MainWindow: settings tables populated.
[2025-12-31T23:37:36.293] populateSettingsTables: begin.
[2025-12-31T23:37:36.294] populateSettingsTables: cfg_loaded=true
[2025-12-31T23:37:36.295] populateSettingsTables: methodText=arq
[2025-12-31T23:37:36.295] populateSettingsTables: computing effectiveGlobalMap...
[2025-12-31T23:37:36.296] populateSettingsTables: effectiveRunMap keys=27
[2025-12-31T23:37:36.296] populateSettingsTables: fill Global table...
[2025-12-31T23:37:36.308] populateSettingsTables: Global table filled.
[2025-12-31T23:37:36.309] populateSettingsTables: reading [stop]...
[2025-12-31T23:37:36.309] populateSettingsTables: stop keys=4
[2025-12-31T23:37:36.310] populateSettingsTables: fill Stop table...
[2025-12-31T23:37:36.312] populateSettingsTables: Stop table filled.
[2025-12-31T23:37:36.313] populateSettingsTables: reading [init]...
[2025-12-31T23:37:36.313] populateSettingsTables: init keys=9
[2025-12-31T23:37:36.314] populateSettingsTables: fill Init table...
[2025-12-31T23:37:36.318] populateSettingsTables: Init table filled.
[2025-12-31T23:37:36.318] populateSettingsTables: reading method section [arq]...
[2025-12-31T23:37:36.319] populateSettingsTables: method keys=8
[2025-12-31T23:37:36.319] populateSettingsTables: fill Method table...
[2025-12-31T23:37:36.322] populateSettingsTables: Method table filled.
[2025-12-31T23:37:36.323] populateSettingsTables: setTablesEditable...
[2025-12-31T23:37:36.324] populateSettingsTables: end (success).
[2025-12-31T23:38:04.484] Process: start program=C:/Users/admin/Desktop/optimsolution/build/Debug/optimsolution.exe args=arq ackley 30
[2025-12-31T23:50:02.633] Qt message handler installed.
[2025-12-31T23:50:02.635] Terminate handler installed.
[2025-12-31T23:50:02.636] optimsolution GUI (v25) starting.
[2025-12-31T23:50:02.638] MainWindow: ctor begin.
[2025-12-31T23:50:02.638] MainWindow: root=C:/Users/admin/Desktop/optimsolution
[2025-12-31T23:50:02.639] MainWindow: factory=C:/Users/admin/Desktop/optimsolution/src/factory.cpp
[2025-12-31T23:50:02.639] MainWindow: fixed_dims=
[2025-12-31T23:50:02.640] MainWindow: settings=C:/Users/admin/Desktop/optimsolution/optimsolution.cfg
[2025-12-31T23:50:02.689] MainWindow: UI built.
[2025-12-31T23:50:02.711] MainWindow: factory lists loaded.
[2025-12-31T23:50:02.728] populateSettingsTables: setTablesEditable...
[2025-12-31T23:50:02.729] populateSettingsTables: end (success).
[2025-12-31T23:50:02.730] MainWindow: settings loaded.
[2025-12-31T23:50:02.730] populateSettingsTables: begin.
[2025-12-31T23:50:02.731] populateSettingsTables: cfg_loaded=true
[2025-12-31T23:50:02.732] populateSettingsTables: methodText=aarq
[2025-12-31T23:50:02.732] populateSettingsTables: computing effectiveGlobalMap...
[2025-12-31T23:50:02.733] populateSettingsTables: effectiveRunMap keys=36
[2025-12-31T23:50:02.733] populateSettingsTables: fill Global table...
[2025-12-31T23:50:02.749] populateSettingsTables: Global table filled.
[2025-12-31T23:50:02.749] populateSettingsTables: reading [stop]...
[2025-12-31T23:50:02.750] populateSettingsTables: stop keys=4
[2025-12-31T23:50:02.750] populateSettingsTables: fill Stop table...
[2025-12-31T23:50:02.753] populateSettingsTables: Stop table filled.
[2025-12-31T23:50:02.754] populateSettingsTables: reading [init]...
[2025-12-31T23:50:02.754] populateSettingsTables: init keys=9
[2025-12-31T23:50:02.755] populateSettingsTables: fill Init table...
[2025-12-31T23:50:02.759] populateSettingsTables: Init table filled.
[2025-12-31T23:50:02.759] populateSettingsTables: reading method section [aarq]...
[2025-12-31T23:50:02.760] populateSettingsTables: method keys=15
[2025-12-31T23:50:02.761] populateSettingsTables: fill Method table...
[2025-12-31T23:50:02.765] populateSettingsTables: Method table filled.
[2025-12-31T23:50:02.766] populateSettingsTables: setTablesEditable...
[2025-12-31T23:50:02.767] populateSettingsTables: end (success).
[2025-12-31T23:50:02.768] MainWindow: settings tables populated.
[2025-12-31T23:50:08.507] Process: start program=C:/Users/admin/Desktop/optimsolution/build/Debug/optimsolution.exe args=aarq ackley 30
[2025-12-31T23:50:12.288] WARN: QRegularExpressionPrivate::doMatch(): called on an invalid QRegularExpression object (pattern is '([-+]?[0-9]+(?:\.[0-9]+)?)\s*%)')
[2025-12-31T23:50:12.315] WARN: QRegularExpressionPrivate::doMatch(): called on an invalid QRegularExpression object (pattern is '([-+]?[0-9]+(?:\.[0-9]+)?)\s*%)')
[2025-12-31T23:50:59.845] populateSettingsTables: begin.
[2025-12-31T23:50:59.846] populateSettingsTables: cfg_loaded=true
[2025-12-31T23:50:59.847] populateSettingsTables: methodText=arqdp
[2025-12-31T23:50:59.847] populateSettingsTables: computing effectiveGlobalMap...
[2025-12-31T23:50:59.848] populateSettingsTables: effectiveRunMap keys=102
[2025-12-31T23:50:59.849] populateSettingsTables: fill Global table...
[2025-12-31T23:50:59.886] populateSettingsTables: Global table filled.
[2025-12-31T23:50:59.887] populateSettingsTables: reading [stop]...
[2025-12-31T23:50:59.888] populateSettingsTables: stop keys=4
[2025-12-31T23:50:59.888] populateSettingsTables: fill Stop table...
[2025-12-31T23:50:59.891] populateSettingsTables: Stop table filled.
[2025-12-31T23:50:59.891] populateSettingsTables: reading [init]...
[2025-12-31T23:50:59.892] populateSettingsTables: init keys=9
[2025-12-31T23:50:59.892] populateSettingsTables: fill Init table...
[2025-12-31T23:50:59.896] populateSettingsTables: Init table filled.
[2025-12-31T23:50:59.897] populateSettingsTables: reading method section [arqdp]...
[2025-12-31T23:50:59.897] populateSettingsTables: method keys=81
[2025-12-31T23:50:59.898] populateSettingsTables: fill Method table...
[2025-12-31T23:50:59.917] populateSettingsTables: Method table filled.
[2025-12-31T23:50:59.923] populateSettingsTables: setTablesEditable...
[2025-12-31T23:50:59.926] populateSettingsTables: end (success).
[2025-12-31T23:51:31.774] Process: start program=C:/Users/admin/Desktop/optimsolution/build/Debug/optimsolution.exe args=arqdp ackley 30
[2025-12-31T23:51:36.595] Process: errorOccurred=1
[2025-12-31T23:51:39.381] Process: start program=C:/Users/admin/Desktop/optimsolution/build/Debug/optimsolution.exe args=arqdp ackley 30
[2025-12-31T23:51:44.652] Process: errorOccurred=1
[2026-01-01T11:43:17.981] Qt message handler installed.
[2026-01-01T11:43:17.986] Terminate handler installed.
[2026-01-01T11:43:17.987] optimsolution GUI (v25) starting.
[2026-01-01T11:43:18.001] MainWindow: ctor begin.
[2026-01-01T11:43:18.001] MainWindow: root=C:/Users/admin/Desktop/optimsolution
[2026-01-01T11:43:18.002] MainWindow: factory=C:/Users/admin/Desktop/optimsolution/src/factory.cpp
[2026-01-01T11:43:18.002] MainWindow: fixed_dims=
[2026-01-01T11:43:18.003] MainWindow: settings=C:/Users/admin/Desktop/optimsolution/optimsolution.cfg
[2026-01-01T11:43:18.158] MainWindow: UI built.
[2026-01-01T11:43:18.195] MainWindow: factory lists loaded.
[2026-01-01T11:43:18.214] populateSettingsTables: setTablesEditable...
[2026-01-01T11:43:18.215] populateSettingsTables: end (success).
[2026-01-01T11:43:18.215] MainWindow: settings loaded.
[2026-01-01T11:43:18.216] populateSettingsTables: begin.
[2026-01-01T11:43:18.216] populateSettingsTables: cfg_loaded=true
[2026-01-01T11:43:18.217] populateSettingsTables: methodText=aarq
[2026-01-01T11:43:18.218] populateSettingsTables: computing effectiveGlobalMap...
[2026-01-01T11:43:18.218] populateSettingsTables: effectiveRunMap keys=36
[2026-01-01T11:43:18.219] populateSettingsTables: fill Global table...
[2026-01-01T11:43:18.237] populateSettingsTables: Global table filled.
[2026-01-01T11:43:18.237] populateSettingsTables: reading [stop]...
[2026-01-01T11:43:18.238] populateSettingsTables: stop keys=4
[2026-01-01T11:43:18.239] populateSettingsTables: fill Stop table...
[2026-01-01T11:43:18.241] populateSettingsTables: Stop table filled.
[2026-01-01T11:43:18.242] populateSettingsTables: reading [init]...
[2026-01-01T11:43:18.243] populateSettingsTables: init keys=9
[2026-01-01T11:43:18.243] populateSettingsTables: fill Init table...
[2026-01-01T11:43:18.247] populateSettingsTables: Init table filled.
[2026-01-01T11:43:18.248] populateSettingsTables: reading method section [aarq]...
[2026-01-01T11:43:18.249] populateSettingsTables: method keys=15
[2026-01-01T11:43:18.249] populateSettingsTables: fill Method table...
[2026-01-01T11:43:18.254] populateSettingsTables: Method table filled.
[2026-01-01T11:43:18.254] populateSettingsTables: setTablesEditable...
[2026-01-01T11:43:18.256] populateSettingsTables: end (success).
[2026-01-01T11:43:18.256] MainWindow: settings tables populated.
[2026-01-01T11:44:22.873] Qt message handler installed.
[2026-01-01T11:44:22.874] Terminate handler installed.
[2026-01-01T11:44:22.875] optimsolution GUI (v25) starting.
[2026-01-01T11:44:22.877] MainWindow: ctor begin.
[2026-01-01T11:44:22.877] MainWindow: root=C:/Users/admin/Desktop/optimsolution
[2026-01-01T11:44:22.878] MainWindow: factory=C:/Users/admin/Desktop/optimsolution/src/factory.cpp
[2026-01-01T11:44:22.878] MainWindow: fixed_dims=
[2026-01-01T11:44:22.879] MainWindow: settings=C:/Users/admin/Desktop/optimsolution/optimsolution.cfg
[2026-01-01T11:44:22.923] MainWindow: UI built.
[2026-01-01T11:44:22.944] MainWindow: factory lists loaded.
[2026-01-01T11:44:22.960] populateSettingsTables: setTablesEditable...
[2026-01-01T11:44:22.961] populateSettingsTables: end (success).
[2026-01-01T11:44:22.962] MainWindow: settings loaded.
[2026-01-01T11:44:22.962] populateSettingsTables: begin.
[2026-01-01T11:44:22.963] populateSettingsTables: cfg_loaded=true
[2026-01-01T11:44:22.963] populateSettingsTables: methodText=aarq
[2026-01-01T11:44:22.964] populateSettingsTables: computing effectiveGlobalMap...
[2026-01-01T11:44:22.965] populateSettingsTables: effectiveRunMap keys=36
[2026-01-01T11:44:22.965] populateSettingsTables: fill Global table...
[2026-01-01T11:44:22.980] populateSettingsTables: Global table filled.
[2026-01-01T11:44:22.981] populateSettingsTables: reading [stop]...
[2026-01-01T11:44:22.982] populateSettingsTables: stop keys=4
[2026-01-01T11:44:22.982] populateSettingsTables: fill Stop table...
[2026-01-01T11:44:22.985] populateSettingsTables: Stop table filled.
[2026-01-01T11:44:22.985] populateSettingsTables: reading [init]...
[2026-01-01T11:44:22.986] populateSettingsTables: init keys=9
[2026-01-01T11:44:22.986] populateSettingsTables: fill Init table...
[2026-01-01T11:44:22.990] populateSettingsTables: Init table filled.
[2026-01-01T11:44:22.991] populateSettingsTables: reading method section [aarq]...
[2026-01-01T11:44:22.991] populateSettingsTables: method keys=15
[2026-01-01T11:44:22.992] populateSettingsTables: fill Method table...
[2026-01-01T11:44:22.997] populateSettingsTables: Method table filled.
[2026-01-01T11:44:22.997] populateSettingsTables: setTablesEditable...
[2026-01-01T11:44:22.998] populateSettingsTables: end (success).
[2026-01-01T11:44:22.999] MainWindow: settings tables populated.
[2026-01-01T11:52:41.210] Qt message handler installed.
[2026-01-01T11:52:41.212] Terminate handler installed.
[2026-01-01T11:52:41.212] optimsolution GUI (v25) starting.
[2026-01-01T11:52:41.214] MainWindow: ctor begin.
[2026-01-01T11:52:41.215] MainWindow: root=C:/Users/admin/Desktop/optimsolution
[2026-01-01T11:52:41.215] MainWindow: factory=C:/Users/admin/Desktop/optimsolution/src/factory.cpp
[2026-01-01T11:52:41.216] MainWindow: fixed_dims=
[2026-01-01T11:52:41.216] MainWindow: settings=C:/Users/admin/Desktop/optimsolution/optimsolution.cfg
[2026-01-01T11:52:41.260] MainWindow: UI built.
[2026-01-01T11:52:41.279] MainWindow: factory lists loaded.
[2026-01-01T11:52:41.296] populateSettingsTables: setTablesEditable...
[2026-01-01T11:52:41.297] populateSettingsTables: end (success).
[2026-01-01T11:52:41.297] MainWindow: settings loaded.
[2026-01-01T11:52:41.298] populateSettingsTables: begin.
[2026-01-01T11:52:41.299] populateSettingsTables: cfg_loaded=true
[2026-01-01T11:52:41.299] populateSettingsTables: methodText=aarq
[2026-01-01T11:52:41.300] populateSettingsTables: computing effectiveGlobalMap...
[2026-01-01T11:52:41.300] populateSettingsTables: effectiveRunMap keys=36
[2026-01-01T11:52:41.301] populateSettingsTables: fill Global table...
[2026-01-01T11:52:41.317] populateSettingsTables: Global table filled.
[2026-01-01T11:52:41.318] populateSettingsTables: reading [stop]...
[2026-01-01T11:52:41.318] populateSettingsTables: stop keys=4
[2026-01-01T11:52:41.319] populateSettingsTables: fill Stop table...
[2026-01-01T11:52:41.322] populateSettingsTables: Stop table filled.
[2026-01-01T11:52:41.322] populateSettingsTables: reading [init]...
[2026-01-01T11:52:41.323] populateSettingsTables: init keys=9
[2026-01-01T11:52:41.323] populateSettingsTables: fill Init table...
[2026-01-01T11:52:41.327] populateSettingsTables: Init table filled.
[2026-01-01T11:52:41.328] populateSettingsTables: reading method section [aarq]...
[2026-01-01T11:52:41.329] populateSettingsTables: method keys=15
[2026-01-01T11:52:41.329] populateSettingsTables: fill Method table...
[2026-01-01T11:52:41.334] populateSettingsTables: Method table filled.
[2026-01-01T11:52:41.335] populateSettingsTables: setTablesEditable...
[2026-01-01T11:52:41.336] populateSettingsTables: end (success).
[2026-01-01T11:52:41.337] MainWindow: settings tables populated.
[2026-01-01T12:02:12.104] Qt message handler installed.
[2026-01-01T12:02:12.105] Terminate handler installed.
[2026-01-01T12:02:12.106] optimsolution GUI (v25) starting.
[2026-01-01T12:02:12.108] MainWindow: ctor begin.
[2026-01-01T12:02:12.108] MainWindow: root=C:/Users/admin/Desktop/optimsolution
[2026-01-01T12:02:12.109] MainWindow: factory=C:/Users/admin/Desktop/optimsolution/src/factory.cpp
[2026-01-01T12:02:12.109] MainWindow: fixed_dims=
[2026-01-01T12:02:12.110] MainWindow: settings=C:/Users/admin/Desktop/optimsolution/optimsolution.cfg
[2026-01-01T12:02:12.162] MainWindow: UI built.
[2026-01-01T12:02:12.182] MainWindow: factory lists loaded.
[2026-01-01T12:02:12.200] populateSettingsTables: setTablesEditable...
[2026-01-01T12:02:12.201] populateSettingsTables: end (success).
[2026-01-01T12:02:12.201] MainWindow: settings loaded.
[2026-01-01T12:02:12.202] populateSettingsTables: begin.
[2026-01-01T12:02:12.202] populateSettingsTables: cfg_loaded=true
[2026-01-01T12:02:12.203] populateSettingsTables: methodText=aarq
[2026-01-01T12:02:12.204] populateSettingsTables: computing effectiveGlobalMap...
[2026-01-01T12:02:12.204] populateSettingsTables: effectiveRunMap keys=36
[2026-01-01T12:02:12.205] populateSettingsTables: fill Global table...
[2026-01-01T12:02:12.220] populateSettingsTables: Global table filled.
[2026-01-01T12:02:12.221] populateSettingsTables: reading [stop]...
[2026-01-01T12:02:12.222] populateSettingsTables: stop keys=4
[2026-01-01T12:02:12.222] populateSettingsTables: fill Stop table...
[2026-01-01T12:02:12.225] populateSettingsTables: Stop table filled.
[2026-01-01T12:02:12.225] populateSettingsTables: reading [init]...
[2026-01-01T12:02:12.226] populateSettingsTables: init keys=9
[2026-01-01T12:02:12.226] populateSettingsTables: fill Init table...
[2026-01-01T12:02:12.230] populateSettingsTables: Init table filled.
[2026-01-01T12:02:12.231] populateSettingsTables: reading method section [aarq]...
[2026-01-01T12:02:12.232] populateSettingsTables: method keys=15
[2026-01-01T12:02:12.232] populateSettingsTables: fill Method table...
[2026-01-01T12:02:12.237] populateSettingsTables: Method table filled.
[2026-01-01T12:02:12.237] populateSettingsTables: reading [sensitivity]...
[2026-01-01T12:02:12.238] populateSettingsTables: sensitivity keys=6
[2026-01-01T12:02:12.238] populateSettingsTables: fill Sensitivity table...
[2026-01-01T12:02:12.241] populateSettingsTables: Sensitivity table filled.
[2026-01-01T12:02:12.242] populateSettingsTables: setTablesEditable...
[2026-01-01T12:02:12.243] populateSettingsTables: end (success).
[2026-01-01T12:02:12.244] MainWindow: settings tables populated.
[2026-01-01T12:13:43.715] Qt message handler installed.
[2026-01-01T12:13:43.717] Terminate handler installed.
[2026-01-01T12:13:43.717] optimsolution GUI (v25) starting.
[2026-01-01T12:13:43.719] MainWindow: ctor begin.
[2026-01-01T12:13:43.719] MainWindow: root=C:/Users/admin/Desktop/optimsolution
[2026-01-01T12:13:43.720] MainWindow: factory=C:/Users/admin/Desktop/optimsolution/src/factory.cpp
[2026-01-01T12:13:43.720] MainWindow: fixed_dims=
[2026-01-01T12:13:43.721] MainWindow: settings=C:/Users/admin/Desktop/optimsolution/optimsolution.cfg
[2026-01-01T12:13:43.775] MainWindow: UI built.
[2026-01-01T12:13:43.796] MainWindow: factory lists loaded.
[2026-01-01T12:13:43.814] populateSettingsTables: setTablesEditable...
[2026-01-01T12:13:43.814] populateSettingsTables: end (success).
[2026-01-01T12:13:43.815] MainWindow: settings loaded.
[2026-01-01T12:13:43.815] populateSettingsTables: begin.
[2026-01-01T12:13:43.816] populateSettingsTables: cfg_loaded=true
[2026-01-01T12:13:43.816] populateSettingsTables: methodText=aarq
[2026-01-01T12:13:43.817] populateSettingsTables: computing effectiveGlobalMap...
[2026-01-01T12:13:43.817] populateSettingsTables: effectiveRunMap keys=36
[2026-01-01T12:13:43.818] populateSettingsTables: fill Global table...
[2026-01-01T12:13:43.834] populateSettingsTables: Global table filled.
[2026-01-01T12:13:43.835] populateSettingsTables: reading [stop]...
[2026-01-01T12:13:43.835] populateSettingsTables: stop keys=4
[2026-01-01T12:13:43.836] populateSettingsTables: fill Stop table...
[2026-01-01T12:13:43.839] populateSettingsTables: Stop table filled.
[2026-01-01T12:13:43.839] populateSettingsTables: reading [init]...
[2026-01-01T12:13:43.840] populateSettingsTables: init keys=9
[2026-01-01T12:13:43.840] populateSettingsTables: fill Init table...
[2026-01-01T12:13:43.845] populateSettingsTables: Init table filled.
[2026-01-01T12:13:43.845] populateSettingsTables: reading method section [aarq]...
[2026-01-01T12:13:43.846] populateSettingsTables: method keys=15
[2026-01-01T12:13:43.846] populateSettingsTables: fill Method table...
[2026-01-01T12:13:43.851] populateSettingsTables: Method table filled.
[2026-01-01T12:13:43.852] populateSettingsTables: reading [sensitivity]...
[2026-01-01T12:13:43.852] populateSettingsTables: sensitivity keys=6
[2026-01-01T12:13:43.853] populateSettingsTables: fill Sensitivity table...
[2026-01-01T12:13:43.856] populateSettingsTables: Sensitivity table filled.
[2026-01-01T12:13:43.857] populateSettingsTables: setTablesEditable...
[2026-01-01T12:13:43.858] populateSettingsTables: end (success).
[2026-01-01T12:13:43.858] MainWindow: settings tables populated.
[2026-01-01T12:32:56.709] Qt message handler installed.
[2026-01-01T12:32:56.711] Terminate handler installed.
[2026-01-01T12:32:56.711] optimsolution GUI (v25) starting.
[2026-01-01T12:32:56.713] MainWindow: ctor begin.
[2026-01-01T12:32:56.713] MainWindow: root=C:/Users/admin/Desktop/optimsolution
[2026-01-01T12:32:56.714] MainWindow: factory=C:/Users/admin/Desktop/optimsolution/src/factory.cpp
[2026-01-01T12:32:56.715] MainWindow: fixed_dims=
[2026-01-01T12:32:56.715] MainWindow: settings=C:/Users/admin/Desktop/optimsolution/optimsolution.cfg
[2026-01-01T12:32:56.763] MainWindow: UI built.
[2026-01-01T12:32:56.784] MainWindow: factory lists loaded.
[2026-01-01T12:32:56.801] populateSettingsTables: setTablesEditable...
[2026-01-01T12:32:56.802] populateSettingsTables: end (success).
[2026-01-01T12:32:56.803] MainWindow: settings loaded.
[2026-01-01T12:32:56.803] populateSettingsTables: begin.
[2026-01-01T12:32:56.804] populateSettingsTables: cfg_loaded=true
[2026-01-01T12:32:56.804] populateSettingsTables: methodText=aarq
[2026-01-01T12:32:56.805] populateSettingsTables: computing effectiveGlobalMap...
[2026-01-01T12:32:56.805] populateSettingsTables: effectiveRunMap keys=36
[2026-01-01T12:32:56.806] populateSettingsTables: fill Global table...
[2026-01-01T12:32:56.821] populateSettingsTables: Global table filled.
[2026-01-01T12:32:56.822] populateSettingsTables: reading [stop]...
[2026-01-01T12:32:56.823] populateSettingsTables: stop keys=4
[2026-01-01T12:32:56.823] populateSettingsTables: fill Stop table...
[2026-01-01T12:32:56.826] populateSettingsTables: Stop table filled.
[2026-01-01T12:32:56.827] populateSettingsTables: reading [init]...
[2026-01-01T12:32:56.827] populateSettingsTables: init keys=9
[2026-01-01T12:32:56.828] populateSettingsTables: fill Init table...
[2026-01-01T12:32:56.832] populateSettingsTables: Init table filled.
[2026-01-01T12:32:56.833] populateSettingsTables: reading method section [aarq]...
[2026-01-01T12:32:56.834] populateSettingsTables: method keys=15
[2026-01-01T12:32:56.834] populateSettingsTables: fill Method table...
[2026-01-01T12:32:56.839] populateSettingsTables: Method table filled.
[2026-01-01T12:32:56.839] populateSettingsTables: reading [sensitivity]...
[2026-01-01T12:32:56.840] populateSettingsTables: sensitivity keys=6
[2026-01-01T12:32:56.840] populateSettingsTables: fill Sensitivity table...
[2026-01-01T12:32:56.844] populateSettingsTables: Sensitivity table filled.
[2026-01-01T12:32:56.844] populateSettingsTables: setTablesEditable...
[2026-01-01T12:32:56.846] populateSettingsTables: end (success).
[2026-01-01T12:32:56.846] MainWindow: settings tables populated.
[2026-01-01T12:47:36.284] Qt message handler installed.
[2026-01-01T12:47:36.286] Terminate handler installed.
[2026-01-01T12:47:36.286] optimsolution GUI (v25) starting.
[2026-01-01T12:47:36.288] MainWindow: ctor begin.
[2026-01-01T12:47:36.289] MainWindow: root=C:/Users/admin/Desktop/optimsolution
[2026-01-01T12:47:36.289] MainWindow: factory=C:/Users/admin/Desktop/optimsolution/src/factory.cpp
[2026-01-01T12:47:36.290] MainWindow: fixed_dims=
[2026-01-01T12:47:36.290] MainWindow: settings=C:/Users/admin/Desktop/optimsolution/optimsolution.cfg
[2026-01-01T12:47:36.346] MainWindow: UI built.
[2026-01-01T12:47:36.367] MainWindow: factory lists loaded.
[2026-01-01T12:47:36.384] populateSettingsTables: setTablesEditable...
[2026-01-01T12:47:36.385] populateSettingsTables: end (success).
[2026-01-01T12:47:36.386] MainWindow: settings loaded.
[2026-01-01T12:47:36.386] populateSettingsTables: begin.
[2026-01-01T12:47:36.387] populateSettingsTables: cfg_loaded=true
[2026-01-01T12:47:36.388] populateSettingsTables: methodText=aarq
[2026-01-01T12:47:36.388] populateSettingsTables: computing effectiveGlobalMap...
[2026-01-01T12:47:36.389] populateSettingsTables: effectiveRunMap keys=36
[2026-01-01T12:47:36.390] populateSettingsTables: fill Global table...
[2026-01-01T12:47:36.405] populateSettingsTables: Global table filled.
[2026-01-01T12:47:36.406] populateSettingsTables: reading [stop]...
[2026-01-01T12:47:36.406] populateSettingsTables: stop keys=4
[2026-01-01T12:47:36.407] populateSettingsTables: fill Stop table...
[2026-01-01T12:47:36.410] populateSettingsTables: Stop table filled.
[2026-01-01T12:47:36.411] populateSettingsTables: reading [init]...
[2026-01-01T12:47:36.411] populateSettingsTables: init keys=9
[2026-01-01T12:47:36.412] populateSettingsTables: fill Init table...
[2026-01-01T12:47:36.416] populateSettingsTables: Init table filled.
[2026-01-01T12:47:36.416] populateSettingsTables: reading method section [aarq]...
[2026-01-01T12:47:36.417] populateSettingsTables: method keys=15
[2026-01-01T12:47:36.417] populateSettingsTables: fill Method table...
[2026-01-01T12:47:36.422] populateSettingsTables: Method table filled.
[2026-01-01T12:47:36.422] populateSettingsTables: reading [sensitivity]...
[2026-01-01T12:47:36.423] populateSettingsTables: sensitivity keys=6
[2026-01-01T12:47:36.424] populateSettingsTables: fill Sensitivity table...
[2026-01-01T12:47:36.427] populateSettingsTables: Sensitivity table filled.
[2026-01-01T12:47:36.427] populateSettingsTables: setTablesEditable...
[2026-01-01T12:47:36.429] populateSettingsTables: end (success).
[2026-01-01T12:47:36.429] MainWindow: settings tables populated.
[2026-01-01T12:48:21.736] Process: start program=C:/Users/admin/Desktop/optimsolution/build/Debug/optimsolution.exe args=aarq ackley 30
[2026-01-01T12:48:25.755] WARN: QRegularExpressionPrivate::doMatch(): called on an invalid QRegularExpression object (pattern is '([-+]?[0-9]+(?:\.[0-9]+)?)\s*%)')
[2026-01-01T12:48:25.783] WARN: QRegularExpressionPrivate::doMatch(): called on an invalid QRegularExpression object (pattern is '([-+]?[0-9]+(?:\.[0-9]+)?)\s*%)')
[2026-01-02T05:18:01.865] Qt message handler installed.
[2026-01-02T05:18:01.866] Terminate handler installed.
[2026-01-02T05:18:01.867] optimsolution GUI (v25) starting.
[2026-01-02T05:18:01.869] MainWindow: ctor begin.
[2026-01-02T05:18:01.869] MainWindow: root=C:/Users/admin/Desktop/optimsolution
[2026-01-02T05:18:01.870] MainWindow: factory=C:/Users/admin/Desktop/optimsolution/src/factory.cpp
[2026-01-02T05:18:01.870] MainWindow: fixed_dims=
[2026-01-02T05:18:01.871] MainWindow: settings=C:/Users/admin/Desktop/optimsolution/optimsolution.cfg
[2026-01-02T05:18:01.921] MainWindow: UI built.
[2026-01-02T05:18:01.941] MainWindow: factory lists loaded.
[2026-01-02T05:18:01.958] populateSettingsTables: setTablesEditable...
[2026-01-02T05:18:01.959] populateSettingsTables: end (success).
[2026-01-02T05:18:01.960] MainWindow: settings loaded.
[2026-01-02T05:18:01.960] populateSettingsTables: begin.
[2026-01-02T05:18:01.961] populateSettingsTables: cfg_loaded=true
[2026-01-02T05:18:01.962] populateSettingsTables: methodText=aarq
[2026-01-02T05:18:01.962] populateSettingsTables: computing effectiveGlobalMap...
[2026-01-02T05:18:01.963] populateSettingsTables: effectiveRunMap keys=36
[2026-01-02T05:18:01.964] populateSettingsTables: fill Global table...
[2026-01-02T05:18:01.979] populateSettingsTables: Global table filled.
[2026-01-02T05:18:01.980] populateSettingsTables: reading [stop]...
[2026-01-02T05:18:01.980] populateSettingsTables: stop keys=4
[2026-01-02T05:18:01.981] populateSettingsTables: fill Stop table...
[2026-01-02T05:18:01.984] populateSettingsTables: Stop table filled.
[2026-01-02T05:18:01.984] populateSettingsTables: reading [init]...
[2026-01-02T05:18:01.985] populateSettingsTables: init keys=9
[2026-01-02T05:18:01.985] populateSettingsTables: fill Init table...
[2026-01-02T05:18:01.990] populateSettingsTables: Init table filled.
[2026-01-02T05:18:01.990] populateSettingsTables: reading method section [aarq]...
[2026-01-02T05:18:01.991] populateSettingsTables: method keys=15
[2026-01-02T05:18:01.991] populateSettingsTables: fill Method table...
[2026-01-02T05:18:01.996] populateSettingsTables: Method table filled.
[2026-01-02T05:18:01.996] populateSettingsTables: reading [sensitivity]...
[2026-01-02T05:18:01.997] populateSettingsTables: sensitivity keys=6
[2026-01-02T05:18:01.997] populateSettingsTables: fill Sensitivity table...
[2026-01-02T05:18:02.001] populateSettingsTables: Sensitivity table filled.
[2026-01-02T05:18:02.001] populateSettingsTables: setTablesEditable...
[2026-01-02T05:18:02.003] populateSettingsTables: end (success).
[2026-01-02T05:18:02.003] MainWindow: settings tables populated.
[2026-01-02T05:18:19.890] populateSettingsTables: begin.
[2026-01-02T05:18:19.891] populateSettingsTables: cfg_loaded=true
[2026-01-02T05:18:19.892] populateSettingsTables: methodText=aarq
[2026-01-02T05:18:19.892] populateSettingsTables: computing effectiveGlobalMap...
[2026-01-02T05:18:19.893] populateSettingsTables: effectiveRunMap keys=36
[2026-01-02T05:18:19.894] populateSettingsTables: fill Global table...
[2026-01-02T05:18:19.909] populateSettingsTables: Global table filled.
[2026-01-02T05:18:19.909] populateSettingsTables: reading [stop]...
[2026-01-02T05:18:19.910] populateSettingsTables: stop keys=3
[2026-01-02T05:18:19.911] populateSettingsTables: fill Stop table...
[2026-01-02T05:18:19.913] populateSettingsTables: Stop table filled.
[2026-01-02T05:18:19.913] populateSettingsTables: reading [init]...
[2026-01-02T05:18:19.914] populateSettingsTables: init keys=9
[2026-01-02T05:18:19.914] populateSettingsTables: fill Init table...
[2026-01-02T05:18:19.918] populateSettingsTables: Init table filled.
[2026-01-02T05:18:19.919] populateSettingsTables: reading method section [aarq]...
[2026-01-02T05:18:19.919] populateSettingsTables: method keys=15
[2026-01-02T05:18:19.920] populateSettingsTables: fill Method table...
[2026-01-02T05:18:19.924] populateSettingsTables: Method table filled.
[2026-01-02T05:18:19.925] populateSettingsTables: reading [sensitivity]...
[2026-01-02T05:18:19.926] populateSettingsTables: sensitivity keys=6
[2026-01-02T05:18:19.926] populateSettingsTables: fill Sensitivity table...
[2026-01-02T05:18:19.929] populateSettingsTables: Sensitivity table filled.
[2026-01-02T05:18:19.930] populateSettingsTables: setTablesEditable...
[2026-01-02T05:18:19.931] populateSettingsTables: end (success).
[2026-01-02T05:18:40.611] populateSettingsTables: setTablesEditable...
[2026-01-02T05:18:40.613] populateSettingsTables: end (success).
[2026-01-02T05:18:40.613] populateSettingsTables: begin.
[2026-01-02T05:18:40.614] populateSettingsTables: cfg_loaded=true
[2026-01-02T05:18:40.614] populateSettingsTables: methodText=aarq
[2026-01-02T05:18:40.615] populateSettingsTables: computing effectiveGlobalMap...
[2026-01-02T05:18:40.615] populateSettingsTables: effectiveRunMap keys=36
[2026-01-02T05:18:40.616] populateSettingsTables: fill Global table...
[2026-01-02T05:18:40.631] populateSettingsTables: Global table filled.
[2026-01-02T05:18:40.632] populateSettingsTables: reading [stop]...
[2026-01-02T05:18:40.632] populateSettingsTables: stop keys=4
[2026-01-02T05:18:40.633] populateSettingsTables: fill Stop table...
[2026-01-02T05:18:40.635] populateSettingsTables: Stop table filled.
[2026-01-02T05:18:40.636] populateSettingsTables: reading [init]...
[2026-01-02T05:18:40.636] populateSettingsTables: init keys=9
[2026-01-02T05:18:40.637] populateSettingsTables: fill Init table...
[2026-01-02T05:18:40.641] populateSettingsTables: Init table filled.
[2026-01-02T05:18:40.641] populateSettingsTables: reading method section [aarq]...
[2026-01-02T05:18:40.642] populateSettingsTables: method keys=15
[2026-01-02T05:18:40.642] populateSettingsTables: fill Method table...
[2026-01-02T05:18:40.647] populateSettingsTables: Method table filled.
[2026-01-02T05:18:40.647] populateSettingsTables: reading [sensitivity]...
[2026-01-02T05:18:40.648] populateSettingsTables: sensitivity keys=6
[2026-01-02T05:18:40.648] populateSettingsTables: fill Sensitivity table...
[2026-01-02T05:18:40.651] populateSettingsTables: Sensitivity table filled.
[2026-01-02T05:18:40.652] populateSettingsTables: setTablesEditable...
[2026-01-02T05:18:40.653] populateSettingsTables: end (success).
[2026-01-02T05:43:20.185] Qt message handler installed.
[2026-01-02T05:43:20.187] Terminate handler installed.
[2026-01-02T05:43:20.188] optimsolution GUI (v25) starting.
[2026-01-02T05:43:20.189] MainWindow: ctor begin.
[2026-01-02T05:43:20.190] MainWindow: root=C:/Users/admin/Desktop/optimsolution
[2026-01-02T05:43:20.190] MainWindow: factory=C:/Users/admin/Desktop/optimsolution/src/factory.cpp
[2026-01-02T05:43:20.191] MainWindow: fixed_dims=
[2026-01-02T05:43:20.192] MainWindow: settings=C:/Users/admin/Desktop/optimsolution/optimsolution.cfg
[2026-01-02T05:43:20.243] MainWindow: UI built.
[2026-01-02T05:43:20.265] MainWindow: factory lists loaded.
[2026-01-02T05:43:20.282] populateSettingsTables: setTablesEditable...
[2026-01-02T05:43:20.283] populateSettingsTables: end (success).
[2026-01-02T05:43:20.283] MainWindow: settings loaded.
[2026-01-02T05:43:20.284] populateSettingsTables: begin.
[2026-01-02T05:43:20.284] populateSettingsTables: cfg_loaded=true
[2026-01-02T05:43:20.285] populateSettingsTables: methodText=aarq
[2026-01-02T05:43:20.285] populateSettingsTables: computing effectiveGlobalMap...
[2026-01-02T05:43:20.286] populateSettingsTables: effectiveRunMap keys=36
[2026-01-02T05:43:20.286] populateSettingsTables: fill Global table...
[2026-01-02T05:43:20.301] populateSettingsTables: Global table filled.
[2026-01-02T05:43:20.302] populateSettingsTables: reading [stop]...
[2026-01-02T05:43:20.303] populateSettingsTables: stop keys=4
[2026-01-02T05:43:20.303] populateSettingsTables: fill Stop table...
[2026-01-02T05:43:20.306] populateSettingsTables: Stop table filled.
[2026-01-02T05:43:20.307] populateSettingsTables: reading [init]...
[2026-01-02T05:43:20.307] populateSettingsTables: init keys=9
[2026-01-02T05:43:20.308] populateSettingsTables: fill Init table...
[2026-01-02T05:43:20.312] populateSettingsTables: Init table filled.
[2026-01-02T05:43:20.313] populateSettingsTables: reading method section [aarq]...
[2026-01-02T05:43:20.313] populateSettingsTables: method keys=15
[2026-01-02T05:43:20.314] populateSettingsTables: fill Method table...
[2026-01-02T05:43:20.318] populateSettingsTables: Method table filled.
[2026-01-02T05:43:20.319] populateSettingsTables: reading [sensitivity]...
[2026-01-02T05:43:20.320] populateSettingsTables: sensitivity keys=6
[2026-01-02T05:43:20.320] populateSettingsTables: fill Sensitivity table...
[2026-01-02T05:43:20.323] populateSettingsTables: Sensitivity table filled.
[2026-01-02T05:43:20.324] populateSettingsTables: setTablesEditable...
[2026-01-02T05:43:20.325] populateSettingsTables: end (success).
[2026-01-02T05:43:20.326] MainWindow: settings tables populated.
[2026-01-02T05:44:04.772] Process: start program=C:/Users/admin/Desktop/optimsolution/build/Debug/optimsolution.exe args=aarq fmsynth 30
[2026-01-02T05:44:04.810] Process: start program=C:/Users/admin/Desktop/optimsolution/build/Debug/optimsolution.exe args=aarq fmsynth
[2026-01-02T05:44:08.530] WARN: QRegularExpressionPrivate::doMatch(): called on an invalid QRegularExpression object (pattern is '([-+]?[0-9]+(?:\.[0-9]+)?)\s*%)')
[2026-01-02T05:44:08.558] WARN: QRegularExpressionPrivate::doMatch(): called on an invalid QRegularExpression object (pattern is '([-+]?[0-9]+(?:\.[0-9]+)?)\s*%)')
[2026-01-02T05:44:31.347] Process: start program=C:/Users/admin/Desktop/optimsolution/build/Debug/optimsolution.exe args=aarq rastrigin 20
[2026-01-02T05:44:35.146] WARN: QRegularExpressionPrivate::doMatch(): called on an invalid QRegularExpression object (pattern is '([-+]?[0-9]+(?:\.[0-9]+)?)\s*%)')
[2026-01-02T05:44:35.163] WARN: QRegularExpressionPrivate::doMatch(): called on an invalid QRegularExpression object (pattern is '([-+]?[0-9]+(?:\.[0-9]+)?)\s*%)')
[2026-01-02T05:45:07.520] Process: start program=C:/Users/admin/Desktop/optimsolution/build/Debug/optimsolution.exe args=aarq rastrigin 20
[2026-01-02T05:45:11.270] WARN: QRegularExpressionPrivate::doMatch(): called on an invalid QRegularExpression object (pattern is '([-+]?[0-9]+(?:\.[0-9]+)?)\s*%)')
[2026-01-02T05:45:11.302] WARN: QRegularExpressionPrivate::doMatch(): called on an invalid QRegularExpression object (pattern is '([-+]?[0-9]+(?:\.[0-9]+)?)\s*%)')
[2026-01-02T05:46:03.353] populateSettingsTables: begin.
[2026-01-02T05:46:03.354] populateSettingsTables: cfg_loaded=true
[2026-01-02T05:46:03.354] populateSettingsTables: methodText=arq
[2026-01-02T05:46:03.355] populateSettingsTables: computing effectiveGlobalMap...
[2026-01-02T05:46:03.355] populateSettingsTables: effectiveRunMap keys=27
[2026-01-02T05:46:03.356] populateSettingsTables: fill Global table...
[2026-01-02T05:46:03.368] populateSettingsTables: Global table filled.
[2026-01-02T05:46:03.369] populateSettingsTables: reading [stop]...
[2026-01-02T05:46:03.369] populateSettingsTables: stop keys=4
[2026-01-02T05:46:03.370] populateSettingsTables: fill Stop table...
[2026-01-02T05:46:03.372] populateSettingsTables: Stop table filled.
[2026-01-02T05:46:03.373] populateSettingsTables: reading [init]...
[2026-01-02T05:46:03.373] populateSettingsTables: init keys=9
[2026-01-02T05:46:03.374] populateSettingsTables: fill Init table...
[2026-01-02T05:46:03.378] populateSettingsTables: Init table filled.
[2026-01-02T05:46:03.378] populateSettingsTables: reading method section [arq]...
[2026-01-02T05:46:03.379] populateSettingsTables: method keys=8
[2026-01-02T05:46:03.379] populateSettingsTables: fill Method table...
[2026-01-02T05:46:03.382] populateSettingsTables: Method table filled.
[2026-01-02T05:46:03.383] populateSettingsTables: reading [sensitivity]...
[2026-01-02T05:46:03.383] populateSettingsTables: sensitivity keys=6
[2026-01-02T05:46:03.384] populateSettingsTables: fill Sensitivity table...
[2026-01-02T05:46:03.387] populateSettingsTables: Sensitivity table filled.
[2026-01-02T05:46:03.387] populateSettingsTables: setTablesEditable...
[2026-01-02T05:46:03.389] populateSettingsTables: end (success).
[2026-01-02T05:46:15.850] Process: start program=C:/Users/admin/Desktop/optimsolution/build/Debug/optimsolution.exe args=arq rastrigin 40
[2026-01-02T05:46:20.692] WARN: QRegularExpressionPrivate::doMatch(): called on an invalid QRegularExpression object (pattern is '([-+]?[0-9]+(?:\.[0-9]+)?)\s*%)')
[2026-01-02T05:46:20.715] WARN: QRegularExpressionPrivate::doMatch(): called on an invalid QRegularExpression object (pattern is '([-+]?[0-9]+(?:\.[0-9]+)?)\s*%)')
[2026-01-02T05:47:04.377] Process: start program=C:/Users/admin/Desktop/optimsolution/build/Debug/optimsolution.exe args=arq weierstrass 40
[2026-01-02T05:47:15.402] WARN: QRegularExpressionPrivate::doMatch(): called on an invalid QRegularExpression object (pattern is '([-+]?[0-9]+(?:\.[0-9]+)?)\s*%)')
[2026-01-02T05:47:15.423] WARN: QRegularExpressionPrivate::doMatch(): called on an invalid QRegularExpression object (pattern is '([-+]?[0-9]+(?:\.[0-9]+)?)\s*%)')
[2026-01-02T05:48:34.632] Qt message handler installed.
[2026-01-02T05:48:34.633] Terminate handler installed.
[2026-01-02T05:48:34.633] optimsolution GUI (v25) starting.
[2026-01-02T05:48:34.635] MainWindow: ctor begin.
[2026-01-02T05:48:34.636] MainWindow: root=C:/Users/admin/Desktop/optimsolution
[2026-01-02T05:48:34.636] MainWindow: factory=C:/Users/admin/Desktop/optimsolution/src/factory.cpp
[2026-01-02T05:48:34.637] MainWindow: fixed_dims=
[2026-01-02T05:48:34.637] MainWindow: settings=C:/Users/admin/Desktop/optimsolution/optimsolution.cfg
[2026-01-02T05:48:34.688] MainWindow: UI built.
[2026-01-02T05:48:34.708] MainWindow: factory lists loaded.
[2026-01-02T05:48:34.726] populateSettingsTables: setTablesEditable...
[2026-01-02T05:48:34.727] populateSettingsTables: end (success).
[2026-01-02T05:48:34.727] MainWindow: settings loaded.
[2026-01-02T05:48:34.728] populateSettingsTables: begin.
[2026-01-02T05:48:34.728] populateSettingsTables: cfg_loaded=true
[2026-01-02T05:48:34.729] populateSettingsTables: methodText=aarq
[2026-01-02T05:48:34.730] populateSettingsTables: computing effectiveGlobalMap...
[2026-01-02T05:48:34.730] populateSettingsTables: effectiveRunMap keys=36
[2026-01-02T05:48:34.731] populateSettingsTables: fill Global table...
[2026-01-02T05:48:34.746] populateSettingsTables: Global table filled.
[2026-01-02T05:48:34.747] populateSettingsTables: reading [stop]...
[2026-01-02T05:48:34.747] populateSettingsTables: stop keys=4
[2026-01-02T05:48:34.748] populateSettingsTables: fill Stop table...
[2026-01-02T05:48:34.751] populateSettingsTables: Stop table filled.
[2026-01-02T05:48:34.751] populateSettingsTables: reading [init]...
[2026-01-02T05:48:34.752] populateSettingsTables: init keys=9
[2026-01-02T05:48:34.752] populateSettingsTables: fill Init table...
[2026-01-02T05:48:34.756] populateSettingsTables: Init table filled.
[2026-01-02T05:48:34.757] populateSettingsTables: reading method section [aarq]...
[2026-01-02T05:48:34.758] populateSettingsTables: method keys=15
[2026-01-02T05:48:34.758] populateSettingsTables: fill Method table...
[2026-01-02T05:48:34.763] populateSettingsTables: Method table filled.
[2026-01-02T05:48:34.763] populateSettingsTables: reading [sensitivity]...
[2026-01-02T05:48:34.764] populateSettingsTables: sensitivity keys=6
[2026-01-02T05:48:34.764] populateSettingsTables: fill Sensitivity table...
[2026-01-02T05:48:34.767] populateSettingsTables: Sensitivity table filled.
[2026-01-02T05:48:34.768] populateSettingsTables: setTablesEditable...
[2026-01-02T05:48:34.769] populateSettingsTables: end (success).
[2026-01-02T05:48:34.770] MainWindow: settings tables populated.
[2026-01-02T11:14:41.089] Qt message handler installed.
[2026-01-02T11:14:41.091] Terminate handler installed.
[2026-01-02T11:14:41.092] optimsolution GUI (v27) starting.
[2026-01-02T11:14:41.094] MainWindow: ctor begin.
[2026-01-02T11:14:41.094] MainWindow: root=C:/Users/admin/Desktop/optimsolution
[2026-01-02T11:14:41.095] MainWindow: factory=C:/Users/admin/Desktop/optimsolution/src/factory.cpp
[2026-01-02T11:14:41.095] MainWindow: fixed_dims=
[2026-01-02T11:14:41.096] MainWindow: settings=C:/Users/admin/Desktop/optimsolution/optimsolution.cfg
[2026-01-02T11:14:41.149] MainWindow: UI built.
[2026-01-02T11:14:41.171] MainWindow: factory lists loaded.
[2026-01-02T11:14:41.187] populateSettingsTables: setTablesEditable...
[2026-01-02T11:14:41.188] populateSettingsTables: end (success).
[2026-01-02T11:14:41.189] MainWindow: settings loaded.
[2026-01-02T11:14:41.189] populateSettingsTables: begin.
[2026-01-02T11:14:41.190] populateSettingsTables: cfg_loaded=true
[2026-01-02T11:14:41.191] populateSettingsTables: methodText=aarq
[2026-01-02T11:14:41.191] populateSettingsTables: computing effectiveGlobalMap...
[2026-01-02T11:14:41.192] populateSettingsTables: effectiveRunMap keys=36
[2026-01-02T11:14:41.192] populateSettingsTables: fill Global table...
[2026-01-02T11:14:41.207] populateSettingsTables: Global table filled.
[2026-01-02T11:14:41.207] populateSettingsTables: reading [stop]...
[2026-01-02T11:14:41.208] populateSettingsTables: stop keys=4
[2026-01-02T11:14:41.208] populateSettingsTables: fill Stop table...
[2026-01-02T11:14:41.211] populateSettingsTables: Stop table filled.
[2026-01-02T11:14:41.212] populateSettingsTables: reading [init]...
[2026-01-02T11:14:41.212] populateSettingsTables: init keys=9
[2026-01-02T11:14:41.213] populateSettingsTables: fill Init table...
[2026-01-02T11:14:41.217] populateSettingsTables: Init table filled.
[2026-01-02T11:14:41.218] populateSettingsTables: reading method section [aarq]...
[2026-01-02T11:14:41.218] populateSettingsTables: method keys=15
[2026-01-02T11:14:41.219] populateSettingsTables: fill Method table...
[2026-01-02T11:14:41.223] populateSettingsTables: Method table filled.
[2026-01-02T11:14:41.224] populateSettingsTables: reading [sensitivity]...
[2026-01-02T11:14:41.224] populateSettingsTables: sensitivity keys=6
[2026-01-02T11:14:41.225] populateSettingsTables: fill Sensitivity table...
[2026-01-02T11:14:41.228] populateSettingsTables: Sensitivity table filled.
[2026-01-02T11:14:41.229] populateSettingsTables: setTablesEditable...
[2026-01-02T11:14:41.230] populateSettingsTables: end (success).
[2026-01-02T11:14:41.231] MainWindow: settings tables populated.
[2026-01-02T11:14:52.084] populateSettingsTables: begin.
[2026-01-02T11:14:52.085] populateSettingsTables: cfg_loaded=true
[2026-01-02T11:14:52.085] populateSettingsTables: methodText=arq
[2026-01-02T11:14:52.086] populateSettingsTables: computing effectiveGlobalMap...
[2026-01-02T11:14:52.087] populateSettingsTables: effectiveRunMap keys=27
[2026-01-02T11:14:52.087] populateSettingsTables: fill Global table...
[2026-01-02T11:14:52.099] populateSettingsTables: Global table filled.
[2026-01-02T11:14:52.100] populateSettingsTables: reading [stop]...
[2026-01-02T11:14:52.101] populateSettingsTables: stop keys=4
[2026-01-02T11:14:52.101] populateSettingsTables: fill Stop table...
[2026-01-02T11:14:52.104] populateSettingsTables: Stop table filled.
[2026-01-02T11:14:52.104] populateSettingsTables: reading [init]...
[2026-01-02T11:14:52.105] populateSettingsTables: init keys=9
[2026-01-02T11:14:52.105] populateSettingsTables: fill Init table...
[2026-01-02T11:14:52.109] populateSettingsTables: Init table filled.
[2026-01-02T11:14:52.109] populateSettingsTables: reading method section [arq]...
[2026-01-02T11:14:52.110] populateSettingsTables: method keys=8
[2026-01-02T11:14:52.111] populateSettingsTables: fill Method table...
[2026-01-02T11:14:52.113] populateSettingsTables: Method table filled.
[2026-01-02T11:14:52.114] populateSettingsTables: reading [sensitivity]...
[2026-01-02T11:14:52.114] populateSettingsTables: sensitivity keys=6
[2026-01-02T11:14:52.115] populateSettingsTables: fill Sensitivity table...
[2026-01-02T11:14:52.118] populateSettingsTables: Sensitivity table filled.
[2026-01-02T11:14:52.118] populateSettingsTables: setTablesEditable...
[2026-01-02T11:14:52.119] populateSettingsTables: end (success).
[2026-01-02T11:15:04.820] Process: start program=C:/Users/admin/Desktop/optimsolution/build/Debug/optimsolution.exe args=arq ded1 30
[2026-01-02T11:15:04.862] Process: start program=C:/Users/admin/Desktop/optimsolution/build/Debug/optimsolution.exe args=arq ded1
[2026-01-02T11:15:12.892] WARN: QRegularExpressionPrivate::doMatch(): called on an invalid QRegularExpression object (pattern is '([-+]?[0-9]+(?:\.[0-9]+)?)\s*%)')
[2026-01-02T11:15:12.919] WARN: QRegularExpressionPrivate::doMatch(): called on an invalid QRegularExpression object (pattern is '([-+]?[0-9]+(?:\.[0-9]+)?)\s*%)')
[2026-01-02T11:15:44.852] Process: start program=C:/Users/admin/Desktop/optimsolution/build/Debug/optimsolution.exe args=arq weierstrass 50
[2026-01-02T11:15:57.875] WARN: QRegularExpressionPrivate::doMatch(): called on an invalid QRegularExpression object (pattern is '([-+]?[0-9]+(?:\.[0-9]+)?)\s*%)')
[2026-01-02T11:15:57.900] WARN: QRegularExpressionPrivate::doMatch(): called on an invalid QRegularExpression object (pattern is '([-+]?[0-9]+(?:\.[0-9]+)?)\s*%)')
[2026-01-02T11:16:53.948] populateSettingsTables: begin.
[2026-01-02T11:16:53.949] populateSettingsTables: cfg_loaded=true
[2026-01-02T11:16:53.949] populateSettingsTables: methodText=pde
[2026-01-02T11:16:53.950] populateSettingsTables: computing effectiveGlobalMap...
[2026-01-02T11:16:53.950] populateSettingsTables: effectiveRunMap keys=38
[2026-01-02T11:16:53.951] populateSettingsTables: fill Global table...
[2026-01-02T11:16:53.966] populateSettingsTables: Global table filled.
[2026-01-02T11:16:53.967] populateSettingsTables: reading [stop]...
[2026-01-02T11:16:53.968] populateSettingsTables: stop keys=4
[2026-01-02T11:16:53.968] populateSettingsTables: fill Stop table...
[2026-01-02T11:16:53.970] populateSettingsTables: Stop table filled.
[2026-01-02T11:16:53.971] populateSettingsTables: reading [init]...
[2026-01-02T11:16:53.972] populateSettingsTables: init keys=9
[2026-01-02T11:16:53.972] populateSettingsTables: fill Init table...
[2026-01-02T11:16:53.976] populateSettingsTables: Init table filled.
[2026-01-02T11:16:53.977] populateSettingsTables: reading method section [pde]...
[2026-01-02T11:16:53.977] populateSettingsTables: method keys=19
[2026-01-02T11:16:53.978] populateSettingsTables: fill Method table...
[2026-01-02T11:16:53.983] populateSettingsTables: Method table filled.
[2026-01-02T11:16:53.983] populateSettingsTables: reading [sensitivity]...
[2026-01-02T11:16:53.984] populateSettingsTables: sensitivity keys=6
[2026-01-02T11:16:53.985] populateSettingsTables: fill Sensitivity table...
[2026-01-02T11:16:53.987] populateSettingsTables: Sensitivity table filled.
[2026-01-02T11:16:53.988] populateSettingsTables: setTablesEditable...
[2026-01-02T11:16:53.990] populateSettingsTables: end (success).
[2026-01-02T11:17:17.204] populateSettingsTables: begin.
[2026-01-02T11:17:17.204] populateSettingsTables: cfg_loaded=true
[2026-01-02T11:17:17.205] populateSettingsTables: methodText=jso
[2026-01-02T11:17:17.205] populateSettingsTables: computing effectiveGlobalMap...
[2026-01-02T11:17:17.206] populateSettingsTables: effectiveRunMap keys=30
[2026-01-02T11:17:17.206] populateSettingsTables: fill Global table...
[2026-01-02T11:17:17.219] populateSettingsTables: Global table filled.
[2026-01-02T11:17:17.220] populateSettingsTables: reading [stop]...
[2026-01-02T11:17:17.220] populateSettingsTables: stop keys=4
[2026-01-02T11:17:17.221] populateSettingsTables: fill Stop table...
[2026-01-02T11:17:17.223] populateSettingsTables: Stop table filled.
[2026-01-02T11:17:17.224] populateSettingsTables: reading [init]...
[2026-01-02T11:17:17.225] populateSettingsTables: init keys=9
[2026-01-02T11:17:17.225] populateSettingsTables: fill Init table...
[2026-01-02T11:17:17.229] populateSettingsTables: Init table filled.
[2026-01-02T11:17:17.229] populateSettingsTables: reading method section [jso]...
[2026-01-02T11:17:17.230] populateSettingsTables: method keys=11
[2026-01-02T11:17:17.231] populateSettingsTables: fill Method table...
[2026-01-02T11:17:17.234] populateSettingsTables: Method table filled.
[2026-01-02T11:17:17.234] populateSettingsTables: reading [sensitivity]...
[2026-01-02T11:17:17.235] populateSettingsTables: sensitivity keys=6
[2026-01-02T11:17:17.235] populateSettingsTables: fill Sensitivity table...
[2026-01-02T11:17:17.238] populateSettingsTables: Sensitivity table filled.
[2026-01-02T11:17:17.239] populateSettingsTables: setTablesEditable...
[2026-01-02T11:17:17.240] populateSettingsTables: end (success).
[2026-01-02T11:17:34.229] Process: start program=C:/Users/admin/Desktop/optimsolution/build/Debug/optimsolution.exe args=jso weierstrass 50
[2026-01-02T11:17:49.824] WARN: QRegularExpressionPrivate::doMatch(): called on an invalid QRegularExpression object (pattern is '([-+]?[0-9]+(?:\.[0-9]+)?)\s*%)')
[2026-01-02T11:17:49.855] WARN: QRegularExpressionPrivate::doMatch(): called on an invalid QRegularExpression object (pattern is '([-+]?[0-9]+(?:\.[0-9]+)?)\s*%)')
[2026-01-02T11:47:15.501] Process: start program=C:/Users/admin/Desktop/optimsolution/build/Debug/optimsolution.exe args=jso weierstrass 50
[2026-01-02T11:47:18.478] Process: errorOccurred=1
[2026-01-02T11:47:18.708] Process: start program=C:/Users/admin/Desktop/optimsolution/build/Debug/optimsolution.exe args=jso weierstrass 50
[2026-01-02T11:47:23.996] Process: errorOccurred=1
[2026-01-02T11:47:27.204] Process: start program=C:/Users/admin/Desktop/optimsolution/build/Debug/optimsolution.exe args=jso weierstrass 50
[2026-01-02T11:47:42.755] WARN: QRegularExpressionPrivate::doMatch(): called on an invalid QRegularExpression object (pattern is '([-+]?[0-9]+(?:\.[0-9]+)?)\s*%)')
[2026-01-02T11:47:42.785] WARN: QRegularExpressionPrivate::doMatch(): called on an invalid QRegularExpression object (pattern is '([-+]?[0-9]+(?:\.[0-9]+)?)\s*%)')
[2026-01-02T11:48:12.620] Process: start program=C:/Users/admin/Desktop/optimsolution/build/Debug/optimsolution.exe args=jso weierstrass 50
[2026-01-02T11:48:28.009] WARN: QRegularExpressionPrivate::doMatch(): called on an invalid QRegularExpression object (pattern is '([-+]?[0-9]+(?:\.[0-9]+)?)\s*%)')
[2026-01-02T11:48:28.039] WARN: QRegularExpressionPrivate::doMatch(): called on an invalid QRegularExpression object (pattern is '([-+]?[0-9]+(?:\.[0-9]+)?)\s*%)')
[2026-01-02T12:16:59.141] Qt message handler installed.
[2026-01-02T12:16:59.142] Terminate handler installed.
[2026-01-02T12:16:59.143] optimsolution GUI (v27) starting.
[2026-01-02T12:16:59.144] MainWindow: ctor begin.
[2026-01-02T12:16:59.145] MainWindow: root=C:/Users/admin/Desktop/optimsolution
[2026-01-02T12:16:59.145] MainWindow: factory=C:/Users/admin/Desktop/optimsolution/src/factory.cpp
[2026-01-02T12:16:59.146] MainWindow: fixed_dims=
[2026-01-02T12:16:59.146] MainWindow: settings=C:/Users/admin/Desktop/optimsolution/optimsolution.cfg
[2026-01-02T12:16:59.201] MainWindow: UI built.
[2026-01-02T12:16:59.223] MainWindow: factory lists loaded.
[2026-01-02T12:16:59.241] populateSettingsTables: setTablesEditable...
[2026-01-02T12:16:59.242] populateSettingsTables: end (success).
[2026-01-02T12:16:59.242] MainWindow: settings loaded.
[2026-01-02T12:16:59.243] populateSettingsTables: begin.
[2026-01-02T12:16:59.243] populateSettingsTables: cfg_loaded=true
[2026-01-02T12:16:59.244] populateSettingsTables: methodText=aarq
[2026-01-02T12:16:59.244] populateSettingsTables: computing effectiveGlobalMap...
[2026-01-02T12:16:59.245] populateSettingsTables: effectiveRunMap keys=36
[2026-01-02T12:16:59.246] populateSettingsTables: fill Global table...
[2026-01-02T12:16:59.261] populateSettingsTables: Global table filled.
[2026-01-02T12:16:59.262] populateSettingsTables: reading [stop]...
[2026-01-02T12:16:59.263] populateSettingsTables: stop keys=4
[2026-01-02T12:16:59.263] populateSettingsTables: fill Stop table...
[2026-01-02T12:16:59.266] populateSettingsTables: Stop table filled.
[2026-01-02T12:16:59.267] populateSettingsTables: reading [init]...
[2026-01-02T12:16:59.267] populateSettingsTables: init keys=9
[2026-01-02T12:16:59.268] populateSettingsTables: fill Init table...
[2026-01-02T12:16:59.272] populateSettingsTables: Init table filled.
[2026-01-02T12:16:59.273] populateSettingsTables: reading method section [aarq]...
[2026-01-02T12:16:59.273] populateSettingsTables: method keys=15
[2026-01-02T12:16:59.274] populateSettingsTables: fill Method table...
[2026-01-02T12:16:59.278] populateSettingsTables: Method table filled.
[2026-01-02T12:16:59.279] populateSettingsTables: reading [sensitivity]...
[2026-01-02T12:16:59.280] populateSettingsTables: sensitivity keys=6
[2026-01-02T12:16:59.280] populateSettingsTables: fill Sensitivity table...
[2026-01-02T12:16:59.283] populateSettingsTables: Sensitivity table filled.
[2026-01-02T12:16:59.284] populateSettingsTables: setTablesEditable...
[2026-01-02T12:16:59.285] populateSettingsTables: end (success).
[2026-01-02T12:16:59.286] MainWindow: settings tables populated.
[2026-01-02T12:17:10.786] populateSettingsTables: begin.
[2026-01-02T12:17:10.787] populateSettingsTables: cfg_loaded=true
[2026-01-02T12:17:10.787] populateSettingsTables: methodText=arq
[2026-01-02T12:17:10.788] populateSettingsTables: computing effectiveGlobalMap...
[2026-01-02T12:17:10.788] populateSettingsTables: effectiveRunMap keys=27
[2026-01-02T12:17:10.789] populateSettingsTables: fill Global table...
[2026-01-02T12:17:10.801] populateSettingsTables: Global table filled.
[2026-01-02T12:17:10.802] populateSettingsTables: reading [stop]...
[2026-01-02T12:17:10.802] populateSettingsTables: stop keys=4
[2026-01-02T12:17:10.803] populateSettingsTables: fill Stop table...
[2026-01-02T12:17:10.805] populateSettingsTables: Stop table filled.
[2026-01-02T12:17:10.806] populateSettingsTables: reading [init]...
[2026-01-02T12:17:10.807] populateSettingsTables: init keys=9
[2026-01-02T12:17:10.807] populateSettingsTables: fill Init table...
[2026-01-02T12:17:10.811] populateSettingsTables: Init table filled.
[2026-01-02T12:17:10.812] populateSettingsTables: reading method section [arq]...
[2026-01-02T12:17:10.812] populateSettingsTables: method keys=8
[2026-01-02T12:17:10.813] populateSettingsTables: fill Method table...
[2026-01-02T12:17:10.815] populateSettingsTables: Method table filled.
[2026-01-02T12:17:10.816] populateSettingsTables: reading [sensitivity]...
[2026-01-02T12:17:10.817] populateSettingsTables: sensitivity keys=6
[2026-01-02T12:17:10.817] populateSettingsTables: fill Sensitivity table...
[2026-01-02T12:17:10.820] populateSettingsTables: Sensitivity table filled.
[2026-01-02T12:17:10.821] populateSettingsTables: setTablesEditable...
[2026-01-02T12:17:10.822] populateSettingsTables: end (success).
[2026-01-02T12:17:29.992] Process: start program=C:/Users/admin/Desktop/optimsolution/build/Debug/optimsolution.exe args=arq weierstrass 50
[2026-01-02T12:17:43.246] WARN: QRegularExpressionPrivate::doMatch(): called on an invalid QRegularExpression object (pattern is '([-+]?[0-9]+(?:\.[0-9]+)?)\s*%)')
[2026-01-02T12:17:43.272] WARN: QRegularExpressionPrivate::doMatch(): called on an invalid QRegularExpression object (pattern is '([-+]?[0-9]+(?:\.[0-9]+)?)\s*%)')
[2026-01-02T12:18:10.293] Process: start program=C:/Users/admin/Desktop/optimsolution/build/Debug/optimsolution.exe args=arq rastrigin 50
[2026-01-02T12:18:15.342] WARN: QRegularExpressionPrivate::doMatch(): called on an invalid QRegularExpression object (pattern is '([-+]?[0-9]+(?:\.[0-9]+)?)\s*%)')
[2026-01-02T12:18:15.375] WARN: QRegularExpressionPrivate::doMatch(): called on an invalid QRegularExpression object (pattern is '([-+]?[0-9]+(?:\.[0-9]+)?)\s*%)')
[2026-01-02T12:19:32.265] Process: start program=C:/Users/admin/Desktop/optimsolution/build/Debug/optimsolution.exe args=arq fmsynth 50
[2026-01-02T12:19:32.307] Process: start program=C:/Users/admin/Desktop/optimsolution/build/Debug/optimsolution.exe args=arq fmsynth
[2026-01-02T12:19:37.218] WARN: QRegularExpressionPrivate::doMatch(): called on an invalid QRegularExpression object (pattern is '([-+]?[0-9]+(?:\.[0-9]+)?)\s*%)')
[2026-01-02T12:19:37.238] WARN: QRegularExpressionPrivate::doMatch(): called on an invalid QRegularExpression object (pattern is '([-+]?[0-9]+(?:\.[0-9]+)?)\s*%)')
[2026-01-02T12:33:05.871] Qt message handler installed.
[2026-01-02T12:33:05.872] Terminate handler installed.
[2026-01-02T12:33:05.873] optimsolution GUI (v29) starting.
[2026-01-02T12:33:05.874] MainWindow: ctor begin.
[2026-01-02T12:33:05.875] MainWindow: root=C:/Users/admin/Desktop/optimsolution
[2026-01-02T12:33:05.875] MainWindow: factory=C:/Users/admin/Desktop/optimsolution/src/factory.cpp
[2026-01-02T12:33:05.876] MainWindow: fixed_dims=
[2026-01-02T12:33:05.877] MainWindow: settings=C:/Users/admin/Desktop/optimsolution/optimsolution.cfg
[2026-01-02T12:33:05.930] MainWindow: UI built.
[2026-01-02T12:33:05.950] MainWindow: factory lists loaded.
[2026-01-02T12:33:05.968] populateSettingsTables: setTablesEditable...
[2026-01-02T12:33:05.969] populateSettingsTables: end (success).
[2026-01-02T12:33:05.969] MainWindow: settings loaded.
[2026-01-02T12:33:05.970] populateSettingsTables: begin.
[2026-01-02T12:33:05.970] populateSettingsTables: cfg_loaded=true
[2026-01-02T12:33:05.971] populateSettingsTables: methodText=aarq
[2026-01-02T12:33:05.971] populateSettingsTables: computing effectiveGlobalMap...
[2026-01-02T12:33:05.972] populateSettingsTables: effectiveRunMap keys=36
[2026-01-02T12:33:05.973] populateSettingsTables: fill Global table...
[2026-01-02T12:33:05.988] populateSettingsTables: Global table filled.
[2026-01-02T12:33:05.989] populateSettingsTables: reading [stop]...
[2026-01-02T12:33:05.990] populateSettingsTables: stop keys=4
[2026-01-02T12:33:05.990] populateSettingsTables: fill Stop table...
[2026-01-02T12:33:05.993] populateSettingsTables: Stop table filled.
[2026-01-02T12:33:05.993] populateSettingsTables: reading [init]...
[2026-01-02T12:33:05.994] populateSettingsTables: init keys=9
[2026-01-02T12:33:05.994] populateSettingsTables: fill Init table...
[2026-01-02T12:33:05.998] populateSettingsTables: Init table filled.
[2026-01-02T12:33:05.999] populateSettingsTables: reading method section [aarq]...
[2026-01-02T12:33:06.000] populateSettingsTables: method keys=15
[2026-01-02T12:33:06.000] populateSettingsTables: fill Method table...
[2026-01-02T12:33:06.005] populateSettingsTables: Method table filled.
[2026-01-02T12:33:06.005] populateSettingsTables: reading [sensitivity]...
[2026-01-02T12:33:06.005] populateSettingsTables: sensitivity keys=6
[2026-01-02T12:33:06.005] populateSettingsTables: fill Sensitivity table...
[2026-01-02T12:33:06.010] populateSettingsTables: Sensitivity table filled.
[2026-01-02T12:33:06.010] populateSettingsTables: setTablesEditable...
[2026-01-02T12:33:06.010] populateSettingsTables: end (success).
[2026-01-02T12:33:06.012] MainWindow: settings tables populated.
[2026-01-02T12:33:13.225] Process: start program=C:/Users/admin/Desktop/optimsolution/build/Debug/optimsolution.exe args=aarq ackley 30
[2026-01-02T12:33:16.850] WARN: QRegularExpressionPrivate::doMatch(): called on an invalid QRegularExpression object (pattern is '([-+]?[0-9]+(?:\.[0-9]+)?)\s*%)')
[2026-01-02T12:33:16.877] WARN: QRegularExpressionPrivate::doMatch(): called on an invalid QRegularExpression object (pattern is '([-+]?[0-9]+(?:\.[0-9]+)?)\s*%)')
[2026-01-02T12:33:38.388] Process: start program=C:/Users/admin/Desktop/optimsolution/build/Debug/optimsolution.exe args=aarq ackley 50
[2026-01-02T12:33:43.016] WARN: QRegularExpressionPrivate::doMatch(): called on an invalid QRegularExpression object (pattern is '([-+]?[0-9]+(?:\.[0-9]+)?)\s*%)')
[2026-01-02T12:33:43.044] WARN: QRegularExpressionPrivate::doMatch(): called on an invalid QRegularExpression object (pattern is '([-+]?[0-9]+(?:\.[0-9]+)?)\s*%)')
[2026-01-02T12:34:03.949] Process: start program=C:/Users/admin/Desktop/optimsolution/build/Debug/optimsolution.exe args=aarq ackley 70
[2026-01-02T12:34:09.407] WARN: QRegularExpressionPrivate::doMatch(): called on an invalid QRegularExpression object (pattern is '([-+]?[0-9]+(?:\.[0-9]+)?)\s*%)')
[2026-01-02T12:34:09.434] WARN: QRegularExpressionPrivate::doMatch(): called on an invalid QRegularExpression object (pattern is '([-+]?[0-9]+(?:\.[0-9]+)?)\s*%)')
[2026-01-02T12:50:17.509] Qt message handler installed.
[2026-01-02T12:50:17.511] Terminate handler installed.
[2026-01-02T12:50:17.511] optimsolution GUI (v30) starting.
[2026-01-02T12:50:17.513] MainWindow: ctor begin.
[2026-01-02T12:50:17.514] MainWindow: root=C:/Users/admin/Desktop/optimsolution
[2026-01-02T12:50:17.514] MainWindow: factory=C:/Users/admin/Desktop/optimsolution/src/factory.cpp
[2026-01-02T12:50:17.515] MainWindow: fixed_dims=
[2026-01-02T12:50:17.515] MainWindow: settings=C:/Users/admin/Desktop/optimsolution/optimsolution.cfg
[2026-01-02T12:50:17.570] MainWindow: UI built.
[2026-01-02T12:50:17.591] MainWindow: factory lists loaded.
[2026-01-02T12:50:17.609] populateSettingsTables: setTablesEditable...
[2026-01-02T12:50:17.609] populateSettingsTables: end (success).
[2026-01-02T12:50:17.610] MainWindow: settings loaded.
[2026-01-02T12:50:17.610] populateSettingsTables: begin.
[2026-01-02T12:50:17.611] populateSettingsTables: cfg_loaded=true
[2026-01-02T12:50:17.612] populateSettingsTables: methodText=aarq
[2026-01-02T12:50:17.612] populateSettingsTables: computing effectiveGlobalMap...
[2026-01-02T12:50:17.613] populateSettingsTables: effectiveRunMap keys=36
[2026-01-02T12:50:17.614] populateSettingsTables: fill Global table...
[2026-01-02T12:50:17.629] populateSettingsTables: Global table filled.
[2026-01-02T12:50:17.630] populateSettingsTables: reading [stop]...
[2026-01-02T12:50:17.630] populateSettingsTables: stop keys=4
[2026-01-02T12:50:17.631] populateSettingsTables: fill Stop table...
[2026-01-02T12:50:17.634] populateSettingsTables: Stop table filled.
[2026-01-02T12:50:17.634] populateSettingsTables: reading [init]...
[2026-01-02T12:50:17.635] populateSettingsTables: init keys=9
[2026-01-02T12:50:17.636] populateSettingsTables: fill Init table...
[2026-01-02T12:50:17.640] populateSettingsTables: Init table filled.
[2026-01-02T12:50:17.640] populateSettingsTables: reading method section [aarq]...
[2026-01-02T12:50:17.641] populateSettingsTables: method keys=15
[2026-01-02T12:50:17.641] populateSettingsTables: fill Method table...
[2026-01-02T12:50:17.646] populateSettingsTables: Method table filled.
[2026-01-02T12:50:17.647] populateSettingsTables: reading [sensitivity]...
[2026-01-02T12:50:17.647] populateSettingsTables: sensitivity keys=6
[2026-01-02T12:50:17.648] populateSettingsTables: fill Sensitivity table...
[2026-01-02T12:50:17.651] populateSettingsTables: Sensitivity table filled.
[2026-01-02T12:50:17.651] populateSettingsTables: setTablesEditable...
[2026-01-02T12:50:17.653] populateSettingsTables: end (success).
[2026-01-02T12:50:17.653] MainWindow: settings tables populated.
[2026-01-02T12:50:24.025] Process: start program=C:/Users/admin/Desktop/optimsolution/build/Debug/optimsolution.exe args=aarq ackley 30
[2026-01-02T12:50:27.918] WARN: QRegularExpressionPrivate::doMatch(): called on an invalid QRegularExpression object (pattern is '([-+]?[0-9]+(?:\.[0-9]+)?)\s*%)')
[2026-01-02T12:50:27.946] WARN: QRegularExpressionPrivate::doMatch(): called on an invalid QRegularExpression object (pattern is '([-+]?[0-9]+(?:\.[0-9]+)?)\s*%)')
[2026-01-02T12:50:31.915] Process: start program=C:/Users/admin/Desktop/optimsolution/build/Debug/optimsolution.exe args=aarq ackley 50
[2026-01-02T12:50:36.552] WARN: QRegularExpressionPrivate::doMatch(): called on an invalid QRegularExpression object (pattern is '([-+]?[0-9]+(?:\.[0-9]+)?)\s*%)')
[2026-01-02T12:50:36.580] WARN: QRegularExpressionPrivate::doMatch(): called on an invalid QRegularExpression object (pattern is '([-+]?[0-9]+(?:\.[0-9]+)?)\s*%)')
[2026-01-02T12:50:49.716] Process: start program=C:/Users/admin/Desktop/optimsolution/build/Debug/optimsolution.exe args=aarq ackley 70
[2026-01-02T12:50:55.163] WARN: QRegularExpressionPrivate::doMatch(): called on an invalid QRegularExpression object (pattern is '([-+]?[0-9]+(?:\.[0-9]+)?)\s*%)')
[2026-01-02T12:50:55.191] WARN: QRegularExpressionPrivate::doMatch(): called on an invalid QRegularExpression object (pattern is '([-+]?[0-9]+(?:\.[0-9]+)?)\s*%)')
